// Jest Snapshot v1, https://goo.gl/fbAQLP

exports[`Unit tests for Header component: should render the Header component and match snapshot 1`] = `
<div>
  <div
    class="header"
  >
    <div
      class="header-logo"
      data-testid="logo"
    >
      <img
        alt="logo"
        src="/images/logo.png"
      />
    </div>
  </div>
</div>
`;
