// Jest Snapshot v1, https://goo.gl/fbAQLP

exports[`Unit tests for TestResultTable component: should match snapshot 1`] = `
<div>
  <div
    class="test-table-container"
  >
    <div
      class="test-table-last-update"
      data-testid="test-table-last-update"
    >
      <p>
        Last update:
      </p>
      <p>
        8/1/2022
      </p>
    </div>
    <div
      class="test-table-result"
      data-testid="test-table-result"
    >
      <p>
        1
      </p>
      <p>
         result
      </p>
    </div>
    <div
      class="test-table-table"
    >
      <div
        class="test-table-header"
      >
        <div
          data-testid="header-status-label"
        >
          <p>
            Status
          </p>
          <div
            class="sort-icon"
          >
            <svg
              class="sort-icon-up"
              fill="currentColor"
              height="1em"
              stroke="currentColor"
              stroke-width="0"
              viewBox="0 0 24 24"
              width="1em"
              xmlns="http://www.w3.org/2000/svg"
            >
              <g>
                <path
                  d="M0 0h24v24H0z"
                  fill="none"
                />
                <path
                  d="M12 8l6 6H6z"
                />
              </g>
            </svg>
            <svg
              class="sort-icon-down"
              fill="currentColor"
              height="1em"
              stroke="currentColor"
              stroke-width="0"
              viewBox="0 0 24 24"
              width="1em"
              xmlns="http://www.w3.org/2000/svg"
            >
              <g>
                <path
                  d="M0 0h24v24H0z"
                  fill="none"
                />
                <path
                  d="M12 16l-6-6h12z"
                />
              </g>
            </svg>
          </div>
        </div>
        <div
          data-testid="header-category-label"
        >
          <p>
            Category
          </p>
          <div
            class="sort-icon"
          >
            <svg
              class="sort-icon-up"
              fill="currentColor"
              height="1em"
              stroke="currentColor"
              stroke-width="0"
              viewBox="0 0 24 24"
              width="1em"
              xmlns="http://www.w3.org/2000/svg"
            >
              <g>
                <path
                  d="M0 0h24v24H0z"
                  fill="none"
                />
                <path
                  d="M12 8l6 6H6z"
                />
              </g>
            </svg>
            <svg
              class="sort-icon-down"
              fill="currentColor"
              height="1em"
              stroke="currentColor"
              stroke-width="0"
              viewBox="0 0 24 24"
              width="1em"
              xmlns="http://www.w3.org/2000/svg"
            >
              <g>
                <path
                  d="M0 0h24v24H0z"
                  fill="none"
                />
                <path
                  d="M12 16l-6-6h12z"
                />
              </g>
            </svg>
          </div>
        </div>
        <div
          data-testid="header-name-label"
        >
          <p>
            Name
          </p>
          <div
            class="sort-icon"
          >
            <svg
              class="sort-icon-up"
              fill="currentColor"
              height="1em"
              stroke="currentColor"
              stroke-width="0"
              viewBox="0 0 24 24"
              width="1em"
              xmlns="http://www.w3.org/2000/svg"
            >
              <g>
                <path
                  d="M0 0h24v24H0z"
                  fill="none"
                />
                <path
                  d="M12 8l6 6H6z"
                />
              </g>
            </svg>
            <svg
              class="sort-icon-down"
              fill="currentColor"
              height="1em"
              stroke="currentColor"
              stroke-width="0"
              viewBox="0 0 24 24"
              width="1em"
              xmlns="http://www.w3.org/2000/svg"
            >
              <g>
                <path
                  d="M0 0h24v24H0z"
                  fill="none"
                />
                <path
                  d="M12 16l-6-6h12z"
                />
              </g>
            </svg>
          </div>
        </div>
      </div>
      <div
        class="test-table-row-container"
      >
        <div
          class="test-table-row"
        >
          <div
            class="test-table-row-status status-passed"
            data-testid="bb-test-passed"
          >
            <p>
              Passed
            </p>
          </div>
          <div
            class="test-table-row-category"
            data-testid="bb-test-category"
          >
            GET
          </div>
          <div
            class="test-table-row-endpoint"
            data-testid="bb-test-endpoint"
          >
            <p>
              /data/{someparameter}/method
            </p>
          </div>
        </div>
      </div>
    </div>
  </div>
</div>
`;
