// Jest Snapshot v1, https://goo.gl/fbAQLP

exports[`Unit tests for ProductTableHeader component: should render the ProductTableHeader component and match snapshot 1`] = `
<div>
  <div
    class="product-table-header"
  >
    <div />
    <div>
      <p>
        Product Name
      </p>
    </div>
    <div>
      <p>
        Building Blocks
      </p>
    </div>
    <div>
      <p>
        Last Update
      </p>
    </div>
    <div>
      <p>
        Overall Compatibility
      </p>
    </div>
    <div />
  </div>
</div>
`;
