// Jest Snapshot v1, https://goo.gl/fbAQLP

exports[`Unit tests for ProductTable component: should render empty placeholder and match snapshot 1`] = `
<div>
  <div
    class="table"
  >
    <div
      class="table-results-count"
    >
      <p>
        0
      </p>
      <p>
         results
      </p>
    </div>
    <div
      class="table-body"
    >
      <div
        class="product-table-header"
      >
        <div />
        <div>
          <p>
            Software Name
          </p>
        </div>
        <div>
          <p>
            Building Blocks
          </p>
        </div>
        <div>
          <p>
            Last Update
          </p>
        </div>
        <div>
          <p>
            Overall Compatibility
          </p>
        </div>
        <div />
      </div>
      <div
        class="product-table-row-section"
        id="scrollableDiv"
      >
        <div
          class="infinite-scroll-component__outerdiv"
        >
          <div
            class="infinite-scroll-component "
            style="height: auto; overflow: auto; overflow-x: hidden;"
          />
        </div>
      </div>
    </div>
  </div>
</div>
`;
