// Jest Snapshot v1, https://goo.gl/fbAQLP

exports[`Unit tests for ProductTable component: should render the ProductTable component and match snapshot 1`] = `
<div>
  <div
    class="table"
  >
    <div
      class="table-results-count"
    >
      <p>
        1
         result
      </p>
    </div>
    <div
      class="table-body"
    >
      <div
        class="product-table-header"
      >
        <div
          class="empty-space"
        />
        <div
          class="product-table-content"
        >
          <div>
            <p>
              Product Name
            </p>
          </div>
          <div>
            <p>
              Building Blocks
            </p>
          </div>
          <div>
            <p>
              Last Update
            </p>
          </div>
          <div>
            <p>
              Overall Compatibility
            </p>
          </div>
        </div>
      </div>
      <div
        class="product-table-row-section"
      >
        <div
          class="product-table-row"
        >
          <div
            class="details-arrow"
          />
          <div
            class="product-table-content"
          >
            <div>
              <p>
                Test Product
              </p>
            </div>
            <div
              class="table-bb-section"
            >
              <div
                class="table-bb-image"
              >
                <img
                  alt="Logo for: Building block label"
                  class="bb-image"
                  data-nimg="1"
                  decoding="async"
                  height="18"
                  loading="lazy"
                  src="/_next/image?url=%2Fimages%2FbuildingBlocks%2FBuilding%20block%20label.png&w=48&q=75"
                  srcset="/_next/image?url=%2Fimages%2FbuildingBlocks%2FBuilding%20block%20label.png&w=32&q=75 1x, /_next/image?url=%2Fimages%2FbuildingBlocks%2FBuilding%20block%20label.png&w=48&q=75 2x"
                  style="color: transparent;"
                  width="18"
                />
              </div>
              <div>
                <div
                  class="overflow-count"
                  data-testid="bb-rest-count"
                >
                  <p>
                    +1
                  </p>
                </div>
              </div>
            </div>
            <div>
              <p />
            </div>
            <div>
              <p />
            </div>
          </div>
        </div>
      </div>
    </div>
  </div>
</div>
`;
