// Jest Snapshot v1, https://goo.gl/fbAQLP

exports[`Unit tests for SubTable component: should render the SubTable component and match snapshot 1`] = `
<div>
  <div
    class="sub-table"
  >
    <div
      class="sub-table-header"
    >
      <div />
      <div
        data-testid="bb-label"
      >
        <p>
          Building Block
        </p>
      </div>
      <div
        class="sub-table-content-tests"
      >
        <div
          data-testid="test-passed-label"
        >
          <p>
            Tests Passed
          </p>
        </div>
        <div
          data-testid="test-failed-label"
        >
          <p>
            Tests Failed
          </p>
        </div>
      </div>
      <div
        data-testid="compatibility-label"
      >
        <p>
          Compatibility
        </p>
      </div>
      <div />
    </div>
    <div>
      <div
        class="sub-table-row"
      >
        <div />
        <div
          class="sub-table-row-bb"
          data-testid="bb-name"
        >
          <img
            alt="Logo for: Building block label"
            class="bb-image"
            data-nimg="1"
            decoding="async"
            height="18"
            loading="lazy"
            src="/_next/image?url=%2Fimages%2FbuildingBlocks%2FBuilding%20block%20label.png&w=48&q=75"
            srcset="/_next/image?url=%2Fimages%2FbuildingBlocks%2FBuilding%20block%20label.png&w=32&q=75 1x, /_next/image?url=%2Fimages%2FbuildingBlocks%2FBuilding%20block%20label.png&w=48&q=75 2x"
            style="color: transparent;"
            width="18"
          />
          <p>
            Building block label
          </p>
        </div>
        <div
          class="sub-table-content-tests"
        >
          <div
            data-testid="tests-passed"
          >
            <p>
              30
            </p>
          </div>
          <div
            data-testid="tests-failed"
          >
            <p>
              2
            </p>
          </div>
        </div>
        <div
          class="sub-table-content-compatibility"
          data-testid="compatibility"
        >
          <p>
            34.55%
          </p>
        </div>
        <div
          class="test-details-arrow"
        />
      </div>
    </div>
  </div>
</div>
`;
