// Jest Snapshot v1, https://goo.gl/fbAQLP

exports[`Unit tests for TestResultTableHeader component: should render the TestResultTableHeader component and match snapshot 1`] = `
<div>
  <div
    class="test-table-header"
  >
    <div
      data-testid="header-status-label"
    >
      <p>
        Status
      </p>
      <div
        class="sort-icon"
      >
        <svg
          class="sort-icon-up"
          fill="currentColor"
          height="1em"
          stroke="currentColor"
          stroke-width="0"
          viewBox="0 0 24 24"
          width="1em"
          xmlns="http://www.w3.org/2000/svg"
        >
          <g>
            <path
              d="M0 0h24v24H0z"
              fill="none"
            />
            <path
              d="M12 8l6 6H6z"
            />
          </g>
        </svg>
        <svg
          class="sort-icon-down"
          fill="currentColor"
          height="1em"
          stroke="currentColor"
          stroke-width="0"
          viewBox="0 0 24 24"
          width="1em"
          xmlns="http://www.w3.org/2000/svg"
        >
          <g>
            <path
              d="M0 0h24v24H0z"
              fill="none"
            />
            <path
              d="M12 16l-6-6h12z"
            />
          </g>
        </svg>
      </div>
    </div>
    <div
      data-testid="header-category-label"
    >
      <p>
        Category
      </p>
      <div
        class="sort-icon"
      >
        <svg
          class="sort-icon-up"
          fill="currentColor"
          height="1em"
          stroke="currentColor"
          stroke-width="0"
          viewBox="0 0 24 24"
          width="1em"
          xmlns="http://www.w3.org/2000/svg"
        >
          <g>
            <path
              d="M0 0h24v24H0z"
              fill="none"
            />
            <path
              d="M12 8l6 6H6z"
            />
          </g>
        </svg>
        <svg
          class="sort-icon-down"
          fill="currentColor"
          height="1em"
          stroke="currentColor"
          stroke-width="0"
          viewBox="0 0 24 24"
          width="1em"
          xmlns="http://www.w3.org/2000/svg"
        >
          <g>
            <path
              d="M0 0h24v24H0z"
              fill="none"
            />
            <path
              d="M12 16l-6-6h12z"
            />
          </g>
        </svg>
      </div>
    </div>
    <div
      data-testid="header-name-label"
    >
      <p>
        Name
      </p>
      <div
        class="sort-icon"
      >
        <svg
          class="sort-icon-up"
          fill="currentColor"
          height="1em"
          stroke="currentColor"
          stroke-width="0"
          viewBox="0 0 24 24"
          width="1em"
          xmlns="http://www.w3.org/2000/svg"
        >
          <g>
            <path
              d="M0 0h24v24H0z"
              fill="none"
            />
            <path
              d="M12 8l6 6H6z"
            />
          </g>
        </svg>
        <svg
          class="sort-icon-down"
          fill="currentColor"
          height="1em"
          stroke="currentColor"
          stroke-width="0"
          viewBox="0 0 24 24"
          width="1em"
          xmlns="http://www.w3.org/2000/svg"
        >
          <g>
            <path
              d="M0 0h24v24H0z"
              fill="none"
            />
            <path
              d="M12 16l-6-6h12z"
            />
          </g>
        </svg>
      </div>
    </div>
  </div>
</div>
`;
