// Jest Snapshot v1, https://goo.gl/fbAQLP

exports[`Unit test for MainLayout component: render the MainLayout component 1`] = `
<div>
  <div
    class="main-layout"
  >
    <div
      class="header"
    >
      <div
        class="header-logo"
        data-testid="logo"
      >
        <img
          alt="logo"
          src="/images/logo.png"
        />
      </div>
      <div
        class="header-right-section"
      >
        <div
          class="header-link-button-section"
        >
          <a
            class="header-menu-button header-menu-button-active"
            data-testid="header-menu-button"
            href="/"
          >
            API testing
          </a>
          <a
            class="header-menu-button "
            data-testid="header-menu-button"
            href="/softwareComplianceTesting"
          >
            Software Compliance Testing
          </a>
        </div>
        <div
          class="header-help"
        >
          <div
            class="header-help-section"
          >
            <svg
              fill="currentColor"
              height="1em"
              stroke="currentColor"
              stroke-width="0"
              viewBox="0 0 24 24"
              width="1em"
              xmlns="http://www.w3.org/2000/svg"
            >
              <g>
                <path
                  d="M0 0h24v24H0z"
                  fill="none"
                />
                <path
                  d="M12 22C6.477 22 2 17.523 2 12S6.477 2 12 2s10 4.477 10 10-4.477 10-10 10zm0-2a8 8 0 1 0 0-16 8 8 0 0 0 0 16zm-1-5h2v2h-2v-2zm2-1.645V14h-2v-1.5a1 1 0 0 1 1-1 1.5 1.5 0 1 0-1.471-1.794l-1.962-.393A3.501 3.501 0 1 1 13 13.355z"
                />
              </g>
            </svg>
            <p>
              Help
            </p>
          </div>
        </div>
      </div>
    </div>
    <p>
      Test
    </p>
  </div>
</div>
`;
