// Jest Snapshot v1, https://goo.gl/fbAQLP

exports[`Unit tests for Definition component: should render the component and match snapshot 1`] = `
<div>
  <div
    class="definition-section"
  >
    <p
      class="definition-title"
      data-testid="definition-title"
    >
      GovStack Building Block Compliance Platform
    </p>
    <div
      data-testid="definition-description"
    >
      <div
        class="definition-description"
      >
        <p>
          This web application is used to show how candidate products align with
the technical specifications that have been developed by 
          <a
            href="https://www.govstack.global/"
            target="_blank"
          >
            Govstack
          </a>
          
for various 
          <a
            href="https://govstack.gitbook.io/specification/"
            target="_blank"
          >
            Building Blocks
          </a>
          . For each
Building Blocks a series of APIs have been defined and tests have been developed which any compliant
product must be able to pass. These tests are run against candidate platforms and this application
provides detailed information on which tests are passing and which are failing. Users may select any
building block that they are interested and view candidate products as well as their current level
of compliance with the API.
        </p>
      </div>
    </div>
    <p
      class="definition-note"
      data-testid="definition-note"
    >
      Note: Technical/API compliance is only a part of the full GovStack compliance process
    </p>
  </div>
</div>
`;
