// Jest Snapshot v1, https://goo.gl/fbAQLP

exports[`Unit tests for InfiniteScrollCustomLoader component: should render the InfiniteScrollCustomLoader component and match snapshot 1`] = `
<div>
  <div
    class="data-loader-message"
    data-testid="scroll-loader"
  >
    <div
      class="spinner"
    >
      <div
        class="loader"
      />
    </div>
     
    Loading more data...
  </div>
</div>
`;
