// Jest Snapshot v1, https://goo.gl/fbAQLP

exports[`Unit tests for SubTableRow component: should render the SubTableRow component and match snapshot 1`] = `
<div>
  <a
    class="sub-table-link"
    href="/Test Product/bb-payments/07112c0a-8263-4717-92ce-c52bca785624"
  >
    <div
      class="sub-table-row"
    >
      <div />
      <div
        class="sub-table-row-bb"
        data-testid="bb-name"
      >
        <img
          alt="Logo for: bb-payments"
          class="bb-image"
          data-nimg="1"
          decoding="async"
          height="18"
          loading="lazy"
          src="/_next/image?url=%2Fimages%2FbuildingBlocks%2Fbb-payments.png&w=48&q=75"
          srcset="/_next/image?url=%2Fimages%2FbuildingBlocks%2Fbb-payments.png&w=32&q=75 1x, /_next/image?url=%2Fimages%2FbuildingBlocks%2Fbb-payments.png&w=48&q=75 2x"
          style="color: transparent;"
          width="18"
        />
        <p>
          Payments
        </p>
      </div>
      <div
        class="sub-table-content-tests"
      >
        <div
          data-testid="tests-passed"
        >
          <p>
            2
          </p>
        </div>
        <div
          data-testid="tests-failed"
        >
          <p>
            2
          </p>
        </div>
      </div>
      <div
        class="sub-table-content-compatibility"
        data-testid="compatibility"
      >
        <p>
          34%
        </p>
      </div>
      <div
        class="test-details-arrow"
      >
        <svg
          fill="currentColor"
          height="1em"
          stroke="currentColor"
          stroke-width="0"
          viewBox="0 0 24 24"
          width="1em"
          xmlns="http://www.w3.org/2000/svg"
        >
          <g>
            <path
              d="M0 0h24v24H0z"
              fill="none"
            />
            <path
              d="M13.172 12l-4.95-4.95 1.414-1.414L16 12l-6.364 6.364-1.414-1.414z"
            />
          </g>
        </svg>
      </div>
    </div>
  </a>
</div>
`;
